
There are no discarded input sections

Memory Configuration

Name             Origin             Length             Attributes
Mem              0x00000000         0x04000000         xrw
*default*        0x00000000         0xffffffff

Linker script and memory map

                0x00010000                        . = 0x10000

.startup        0x00010000        0xc
 startup.o(.text)
 .text          0x00010000        0xc startup.o
                0x00010000                reset

.text           0x0001000c       0xd8
 *(.text)
 .text          0x0001000c       0x1c app.o
                0x0001000c                main
 .text          0x00010028       0x58 uart.o
                0x00010028                Uart_Send_String
 *(.rodata)
 .rodata        0x00010080       0x64 app.o
                0x00010080                string_buffer2

.glue_7         0x000100e4        0x0
 .glue_7        0x000100e4        0x0 linker stubs

.glue_7t        0x000100e4        0x0
 .glue_7t       0x000100e4        0x0 linker stubs

.vfp11_veneer   0x000100e4        0x0
 .vfp11_veneer  0x000100e4        0x0 linker stubs

.v4_bx          0x000100e4        0x0
 .v4_bx         0x000100e4        0x0 linker stubs

.iplt           0x000100e4        0x0
 .iplt          0x000100e4        0x0 startup.o

.rel.dyn        0x000100e4        0x0
 .rel.iplt      0x000100e4        0x0 startup.o

.data           0x000100e4       0x64
 *(.data)
 .data          0x000100e4        0x0 startup.o
 .data          0x000100e4       0x64 app.o
                0x000100e4                string_buffer
 .data          0x00010148        0x0 uart.o

.igot.plt       0x00010148        0x0
 .igot.plt      0x00010148        0x0 startup.o

.bss            0x00010148        0x0
 *(.bss)
 .bss           0x00010148        0x0 startup.o
 .bss           0x00010148        0x0 app.o
 .bss           0x00010148        0x0 uart.o
 *(COMMON)
                0x00011148                        . = (. + 0x1000)
                0x00011148                        stack_top = .
LOAD startup.o
LOAD app.o
LOAD uart.o
OUTPUT(learn-in-depth.elf elf32-littlearm)
LOAD linker stubs

.ARM.attributes
                0x00000000       0x2e
 .ARM.attributes
                0x00000000       0x22 startup.o
 .ARM.attributes
                0x00000022       0x2c app.o
 .ARM.attributes
                0x0000004e       0x2c uart.o

.comment        0x00000000       0x46
 .comment       0x00000000       0x46 app.o
                                 0x47 (size before relaxing)
 .comment       0x00000046       0x47 uart.o
