
There are no discarded input sections

Memory Configuration

Name             Origin             Length             Attributes
flash            0x08000000         0x00020000         xr
sram             0x20000000         0x00005000         xrw
*default*        0x00000000         0xffffffff

Linker script and memory map


.text           0x08000000      0x12b
 *(.vectors*)
 .vectors       0x08000000       0x1c startup.o
                0x08000000                vectors
 *(.text*)
 .text          0x0800001c       0x7c main.o
                0x0800001c                main
 .text          0x08000098       0x90 startup.o
                0x08000098                Rest_Handler
                0x0800011c                MM_fault_Handler
                0x0800011c                Usage_fault_Handler
                0x0800011c                Default_Handler
                0x0800011c                H_fault_Handler
                0x0800011c                Bus_fault_Handler
                0x0800011c                NMI_Handler
 *(.rodata*)
 .rodata        0x08000128        0x3 main.o
                0x08000128                const_variables
                0x0800012b                        _E_text = .

.glue_7         0x0800012c        0x0
 .glue_7        0x0800012c        0x0 linker stubs

.glue_7t        0x0800012c        0x0
 .glue_7t       0x0800012c        0x0 linker stubs

.vfp11_veneer   0x0800012c        0x0
 .vfp11_veneer  0x0800012c        0x0 linker stubs

.v4_bx          0x0800012c        0x0
 .v4_bx         0x0800012c        0x0 linker stubs

.iplt           0x0800012c        0x0
 .iplt          0x0800012c        0x0 main.o

.rel.dyn        0x0800012c        0x0
 .rel.iplt      0x0800012c        0x0 main.o

.data           0x20000000        0x7 load address 0x0800012b
                0x20000000                        _S_DATA = .
 *(.data*)
 .data          0x20000000        0x7 main.o
                0x20000000                R_ODR
                0x20000004                g_variables
 .data          0x20000007        0x0 startup.o
                0x20000007                        _E_DATA = .

.igot.plt       0x20000008        0x0 load address 0x08000132
 .igot.plt      0x20000008        0x0 main.o

.bss            0x20000007     0x1001 load address 0x08000132
                0x20000007                        _S_bss = .
 *(.bss*)
 .bss           0x20000007        0x0 main.o
 .bss           0x20000007        0x0 startup.o
                0x20000007                        _E_bss = .
                0x20000008                        . = ALIGN (0x4)
 *fill*         0x20000007        0x1 
                0x20001008                        . = (. + 0x1000)
 *fill*         0x20000008     0x1000 
                0x20001008                        _stack_top = .
LOAD main.o
LOAD startup.o
OUTPUT(learn-in-depth-cortexM4.elf elf32-littlearm)
LOAD linker stubs

.debug_info     0x00000000      0x30d
 .debug_info    0x00000000      0x167 main.o
 .debug_info    0x00000167      0x1a6 startup.o

.debug_abbrev   0x00000000      0x205
 .debug_abbrev  0x00000000      0x109 main.o
 .debug_abbrev  0x00000109       0xfc startup.o

.debug_loc      0x00000000       0xb4
 .debug_loc     0x00000000       0x38 main.o
 .debug_loc     0x00000038       0x7c startup.o

.debug_aranges  0x00000000       0x40
 .debug_aranges
                0x00000000       0x20 main.o
 .debug_aranges
                0x00000020       0x20 startup.o

.debug_line     0x00000000      0x189
 .debug_line    0x00000000       0x81 main.o
 .debug_line    0x00000081      0x108 startup.o

.debug_str      0x00000000      0x18f
 .debug_str     0x00000000      0x18f main.o
                                 0xdb (size before relaxing)
 .debug_str     0x0000018f      0x178 startup.o

.comment        0x00000000       0x46
 .comment       0x00000000       0x46 main.o
                                 0x47 (size before relaxing)
 .comment       0x00000046       0x47 startup.o

.ARM.attributes
                0x00000000       0x2e
 .ARM.attributes
                0x00000000       0x2e main.o
 .ARM.attributes
                0x0000002e       0x2e startup.o

.debug_frame    0x00000000       0x7c
 .debug_frame   0x00000000       0x2c main.o
 .debug_frame   0x0000002c       0x50 startup.o
